---
source: tests/parser.rs
expression: parsed
input_file: tests/examples/11_return_value.bakugo
---
SourceFile {
    top_level: [
        FnDecl(
            FnDecl {
                name: Ident {
                    value: "main",
                    span: Span {
                        str: "main",
                        start: 5,
                        end: 9,
                    },
                },
                params: [],
                result_kind: None,
                body: StatementList(
                    [
                        Return(
                            Some(
                                [
                                    BinaryExpr {
                                        left: Integer {
                                            value: 34,
                                            span: Span {
                                                str: "34",
                                                start: 22,
                                                end: 24,
                                            },
                                        },
                                        op: Plus,
                                        right: Integer {
                                            value: 1,
                                            span: Span {
                                                str: "1",
                                                start: 27,
                                                end: 28,
                                            },
                                        },
                                    },
                                ],
                            ),
                        ),
                        Return(
                            Some(
                                [
                                    TupleExpr(
                                        [
                                            Integer {
                                                value: 34,
                                                span: Span {
                                                    str: "34",
                                                    start: 39,
                                                    end: 41,
                                                },
                                            },
                                            String {
                                                value: "hey",
                                                span: Span {
                                                    str: "\"hey\"",
                                                    start: 43,
                                                    end: 48,
                                                },
                                            },
                                            Float {
                                                value: 4.5,
                                                span: Span {
                                                    str: "4.5",
                                                    start: 50,
                                                    end: 53,
                                                },
                                            },
                                        ],
                                    ),
                                ],
                            ),
                        ),
                    ],
                ),
                span: Span {
                    str: "func main() {\n\treturn 34 + 1;\n\treturn (34, \"hey\", 4.5,);\n}",
                    start: 0,
                    end: 58,
                },
            },
        ),
        FnDecl(
            FnDecl {
                name: Ident {
                    value: "primary",
                    span: Span {
                        str: "primary",
                        start: 67,
                        end: 74,
                    },
                },
                params: [],
                result_kind: None,
                body: StatementList(
                    [
                        Return(
                            Some(
                                [
                                    FunctionCall {
                                        function: Identifier {
                                            value: "func_call",
                                            span: Span {
                                                str: "func_call",
                                                start: 87,
                                                end: 96,
                                            },
                                        },
                                        args: Args {
                                            kind: None,
                                            args: [
                                                String {
                                                    value: "hi\n\t\tthere\t",
                                                    span: Span {
                                                        str: "`hi\n\t\tthere\t`",
                                                        start: 100,
                                                        end: 113,
                                                    },
                                                },
                                                Integer {
                                                    value: 45,
                                                    span: Span {
                                                        str: "45",
                                                        start: 118,
                                                        end: 120,
                                                    },
                                                },
                                                TupleExpr(
                                                    [
                                                        Integer {
                                                            value: 4,
                                                            span: Span {
                                                                str: "4",
                                                                start: 126,
                                                                end: 127,
                                                            },
                                                        },
                                                        Integer {
                                                            value: 2,
                                                            span: Span {
                                                                str: "2",
                                                                start: 129,
                                                                end: 130,
                                                            },
                                                        },
                                                    ],
                                                ),
                                                String {
                                                    value: "hey",
                                                    span: Span {
                                                        str: "\"hey\"",
                                                        start: 135,
                                                        end: 140,
                                                    },
                                                },
                                            ],
                                        },
                                    },
                                ],
                            ),
                        ),
                    ],
                ),
                span: Span {
                    str: "func primary() {\n\treturn func_call(\n\t\t`hi\n\t\tthere\t`, \n\t\t45, \n\t\t(4, 2),\n\t\t\"hey\"\n\t);\n}",
                    start: 62,
                    end: 146,
                },
            },
        ),
    ],
}
