---
source: tests/parser.rs
expression: string_test
---
"\"\\xe6\\x97\\xa5\\xe6\\x9c\\xac\\xe8\\xaa\\x9e\""

