---
source: tests/parser.rs
expression: rune_test
---
"'\\U00110000'"

