---
source: tests/parser.rs
expression: string_test
---
"\"\\xff\\u00FF\""

