---
source: tests/parser.rs
expression: err.to_string()
---
 --> 1:1
  |
1 | (333)
  | ^---
  |
  = expected IntLit
