---
source: tests/parser.rs
expression: string_test
---
"`\\n\n            \\n`"

