---
source: tests/parser.rs
expression: rune_test
---
"'\\uDFFF'"

