---
source: tests/parser.rs
expression: decimal_test
---
"0"

