---
source: tests/parser.rs
expression: err.to_string()
---
 --> 1:1
  |
1 | i32
  | ^---
  |
  = expected int_lit
