---
source: tests/parser.rs
expression: string_test
---
"\"日本語\""

