---
source: tests/parser.rs
expression: parsed.as_str()
---
_x9

