---
source: tests/parser.rs
expression: err.to_string()
---
 --> 1:1
  |
1 |  space
  | ^---
  |
  = expected int_lit
