---
source: tests/parser.rs
expression: err.to_string()
---
 --> 1:1
  |
1 | (_)43
  | ^---
  |
  = expected Ident
