---
source: tests/parser.rs
expression: err.to_string()
---
 --> 1:1
  |
1 | '\0'
  | ^---
  |
  = expected RuneLit
