---
source: tests/parser.rs
expression: rune_test
---
"'\\u12e4'"

