---
source: tests/parser.rs
expression: string_test
---
"\"\\U00110000\""

