---
source: tests/parser.rs
expression: rune_test
---
"'\\U00101234'"

